
— shelf cards: parallel doors, never nested controls
  ok   no interactive control nests inside another anywhere on the shelf — {"cards":77,"nestedInteractive":0,"cardsWithOwnDoor":77,"cardsWithSiblingDetails":77}
  ok   every card offers its text door and 詳細 as sibling buttons, both reachable — 77/77 text doors · 77/77 sibling toggles

— 銀河 home: the tab order names only visible controls
  ok   hidden layers keep no tabbable control (the invisible 閉じる × discipline) — every tab stop is visible
  ok   first Tab at the galaxy home lands on a real, visible control — {"id":"ginga-symbol","opacity":1,"w":46,"h":46}

— reader semantics and non-hold alternatives
  ok   reader words are named native controls on the common target.activate action — {"words":348,"particles":144,"nativeButtons":348,"named":348,"actionKinds":["target.activate"],"hitFloor":44}
  ok   inline reader controls retain a real 44px hit region without widening print — minimum effective hit dimension 44.0px
  ok   focused word exposes quick-look and full-entry non-hold alternatives — {"tokenFocused":true,"alternatives":2,"hiddenTabStops":0}
  ok   hidden Corridor controls leave the tab order — 0 hidden tab stop(s)
  ok   sequential switch navigation reaches quick look then full entry — quickLook.open → entry.open
  ok   screen-reader tree exposes named token and non-hold action buttons — 551 named button(s) in the accessibility tree

— progressive action parity and geometry
  ok   pointer action one reveals reading and action two reveals English — {"afterFirst":{"lit":true,"gloss":false},"afterSecond":{"lit":true,"gloss":true}}
  ok   second-action English preserves the glyph anchor within 2px — 715.1px → 715.1px
  ok   pointer third target.activate closes the circle — plain kanji, no sheet — {"lit":false,"gloss":false,"sheet":false}
  ok   pointer route emits target.activate envelopes with pointer provenance — 3 receipt(s)
  ok   keyboard/switch-shaped activation walks the same circle — three activations end plain — focusable=true sheet=0 state={"lit":false,"gloss":false}
  ok   keyboard route differs only in provenance — 3 receipt(s)

— particle rhythm and direct accessible door
  ok   particle pointer tap stays inert in reading rhythm — {"sheet":0,"reveal":false}
  ok   particle exposes a keyboard/switch/screen-reader full-entry alternative — direct door=true

— named modal sheet focus lifecycle
  ok   entry sheet is a named modal dialog and receives focus — {"role":"dialog","modal":"true","name":"共和 full entry","focusInside":true,"focusables":27}
  ok   Tab is contained inside the modal sheet
  ok   Escape dismisses the sheet and returns focus to its invoking token — {"closed":true,"returned":true}

— meaningful reduced motion
  ok   reduced-motion removes Corridor animation and transition motion — {"sheet":{"animationName":"none","animationDuration":"0s","transitionDuration":"0s","scrollBehavior":"auto"},"scrim":{"animationName":"none","animationDuration":"0s","transitionDuration":"0s","scrollBehavior":"auto"},"ruby":{"animationName":"none","animationDuration":"0s","transitionDuration":"0s","scrollBehavior":"auto"}}
  ok   quiet sheet labels meet 4.5:1 in the sumi world — eyebrow 8.87:1 · pool-tag 8.87:1
  ok   living paper stays within ±3% of --ground in the sumi world — mean -2.01% · rms 2.35% vs ground rgb(237,229,208) over 819200px
  ok   quiet sheet labels meet 4.5:1 in the shu world — eyebrow 8.14:1 · pool-tag 8.14:1
  ok   living paper stays within ±3% of --ground in the shu world — mean -1.70% · rms 1.96% vs ground rgb(242,236,219) over 819200px
  ok   quiet sheet labels meet 4.5:1 in the iwa world — eyebrow 6.31:1 · pool-tag 6.31:1
  ok   living paper stays within ±3% of --ground in the iwa world — mean -1.99% · rms 2.42% vs ground rgb(210,162,113) over 819200px
  ok   quiet sheet labels meet 4.5:1 in the rokusho world — eyebrow 9.78:1 · pool-tag 9.78:1
  ok   living paper stays within ±3% of --ground in the rokusho world — mean 0.26% · rms 0.33% vs ground rgb(34,28,21) over 819200px
  ok   quiet sheet labels meet 4.5:1 in the yoru world — eyebrow 8.93:1 · pool-tag 8.93:1
  ok   living paper stays within ±3% of --ground in the yoru world — mean 0.06% · rms 0.23% vs ground rgb(27,36,64) over 819200px
  ok   quiet sheet labels meet 4.5:1 in the hokusai world — eyebrow 7.34:1 · pool-tag 7.34:1
  ok   living paper stays within ±3% of --ground in the hokusai world — mean -1.80% · rms 2.16% vs ground rgb(233,223,194) over 819200px
  ok   quiet sheet labels meet 4.5:1 in the akafuji world — eyebrow 6.78:1 · pool-tag 6.78:1
  ok   living paper stays within ±3% of --ground in the akafuji world — mean -2.53% · rms 2.78% vs ground rgb(236,215,189) over 819200px
  ok   quiet sheet labels meet 4.5:1 in the nami world — eyebrow 7.39:1 · pool-tag 7.39:1
  ok   living paper stays within ±3% of --ground in the nami world — mean 0.15% · rms 0.26% vs ground rgb(24,49,74) over 819200px
  ok   quiet sheet labels meet 4.5:1 in the keyblock world — eyebrow 8.39:1 · pool-tag 8.39:1
  ok   living paper stays within ±3% of --ground in the keyblock world — mean -1.80% · rms 2.16% vs ground rgb(233,223,194) over 819200px
  ok   quiet sheet labels meet 4.5:1 in the hakuu world — eyebrow 8.37:1 · pool-tag 8.37:1
  ok   living paper stays within ±3% of --ground in the hakuu world — mean -0.01% · rms 0.06% vs ground rgb(42,33,23) over 819200px
  ok   quiet sheet labels meet 4.5:1 in the kaku world — eyebrow 10.22:1 · pool-tag 10.22:1
  ok   living paper stays within ±3% of --ground in the kaku world — mean 0.02% · rms 0.05% vs ground rgb(11,22,29) over 819200px
  ok   real walk requested no missing Corridor assets
  ok   real walk emitted no console/page errors

46/46 checks passed
report → /home/user/workspace/Bunki-reference/docs/build-evidence/kairo-a05-accessibility/verification-report.json
