TAP version 13
# Subtest: reference scripts load before the canonical app and styles are linked
ok 1 - reference scripts load before the canonical app and styles are linked
  ---
  duration_ms: 1.353865
  ...
# Subtest: service-worker installation includes real reference assets
ok 2 - service-worker installation includes real reference assets
  ---
  duration_ms: 2.27385
  ...
# Subtest: Pages workflow copies and smoke-tests all reference assets
ok 3 - Pages workflow copies and smoke-tests all reference assets
  ---
  duration_ms: 0.33818
  ...
# Subtest: standalone and fragment embed the complete reference implementation
ok 4 - standalone and fragment embed the complete reference implementation
  ---
  duration_ms: 2145.501662
  ...
1..4
# tests 4
# suites 0
# pass 4
# fail 0
# cancelled 0
# skipped 0
# todo 0
# duration_ms 2158.367902
