
— dormant room
  ok   minimal room opens asleep — {"minimal":"on","chrome":"sleeping"}
  ok   sleeping controls are the four corners and the ensō mark, nothing else — [{"id":"strokes-back","cls":"stroke-back","inField":false,"isTrigger":false,"label":"← 戻るback"},{"id":"stroke-world-seal","cls":"theme-seal stroke-seal","inField":false,"isTrigger":false,"label":"choose a world"},{"id":"","cls":"stroke-chrome-trigger","inField":false,"isTrigger":true,"label":"show controls"},{"id":"stroke-numbers","cls":"stroke-btn stroke-corner stroke-corner-br","inField":false,"isTrigger":false,"label":"筆順の番号stroke order numbers"},{"id":"stroke-speed","cls":"stroke-btn stroke-corner stroke-corner-bl","inField":false,"isTrigger":false,"label":"ゆっくりslowly"}]
  ok   the trigger names a real dormant field and reports collapsed — {"trigger":{"text":"","mark":true,"controls":"stroke-awake-field","expanded":"false","label":"show controls","visible":true},"field":{"inert":true,"hidden":"true","visible":false,"rect":{"top":730.203125,"right":378,"bottom":802,"left":12}}}
  ok   the dormant field is absent from sight and the accessibility tree — {"inert":true,"hidden":"true","visible":false,"rect":{"top":730.203125,"right":378,"bottom":802,"left":12}}
  ok   quiet entry adds one same-URL Back sentinel and preserves host state — {"historyBase":{"length":3,"url":"http://127.0.0.1:40831/index.html?entry=shelf&ui=bi"},"historyOpen":{"length":4,"url":"http://127.0.0.1:40831/index.html?entry=shelf&ui=bi","kept":"kept","marker":{"token":"bunki-stroke-mu172oev-1","id":"永","sheetScroll":393,"invoker":"strokes-door"}}}
  ok   the dialog names the invisible platform Back exit — {"describedBy":"stroke-exit-description","text":"Use the browser or device Back command to leave the writing room."}
  ok   the quiet 戻る sheds its English sub-caption — {"subPresent":true,"subDisplay":"none","text":"← 戻るback"}

— awake field
  ok   one press wakes the allowed field without leaving the room — {"chrome":"awake","trigger":{"text":"","mark":true,"controls":"stroke-awake-field","expanded":"true","label":"hide controls","visible":true},"field":{"inert":false,"hidden":null,"visible":true,"rect":{"top":714.203125,"right":378,"bottom":786,"left":12}}}
  ok   every visible control belongs to the awake field or is its trigger — [{"id":"strokes-back","cls":"stroke-back","inField":false,"isTrigger":false,"label":"← 戻るback"},{"id":"stroke-world-seal","cls":"theme-seal stroke-seal","inField":false,"isTrigger":false,"label":"choose a world"},{"id":"","cls":"stroke-chrome-trigger","inField":false,"isTrigger":true,"label":"hide controls"},{"id":"stroke-numbers","cls":"stroke-btn stroke-corner stroke-corner-br","inField":false,"isTrigger":false,"label":"筆順の番号stroke order numbers"},{"id":"stroke-speed","cls":"stroke-btn stroke-corner stroke-corner-bl","inField":false,"isTrigger":false,"label":"ゆっくりslowly"}]
  ok   the awake control field does not overlap the glyph or its numerals — {"glyph":{"top":238.703125,"bottom":605.296875,"left":11.703125,"right":378.296875},"field":{"top":714.203125,"right":378,"bottom":786,"left":12}}
  ok   the seal opens the public ten 墨 朱 柿 漆 金 藍 赤 浪 板 雷 in order — ["墨","朱","柿","漆","金","藍","赤","浪","板","雷"]
  ok   the world stones form one named dialog — {"role":"dialog","label":"choose a world"}
  ok   shu palette applies, persists, and keeps one live sheet — {"stored":"shu","chrome":"awake","pressed":1,"canvases":1}
  ok   hakuu palette applies, persists, and keeps one live sheet — {"stored":"hakuu","chrome":"awake","pressed":1,"canvases":1}
  ok   palette rerenders do not add history entries — history length=4
  ok   platform Back exits directly and leaves no renderer orphan — {"url":"http://127.0.0.1:40831/index.html?entry=shelf&ui=bi","kept":"kept","orphans":0}
  ok   Forward reopens the same room without adding another entry — {"minimal":"on","chrome":"sleeping","living":"on","numbers":"off","shown":1,"total":5,"world":"hakuu","stageRect":{"top":238.703125,"right":378.296875,"bottom":605.296875,"left":11.703125},"liftRect":null,"describedBy":"stroke-exit-description","exitDescription":"Use the browser or device Back command to leave the writing room.","trigger":{"text":"","mark":true,"controls":"stroke-awake-field","expanded":"false","label":"show controls","visible":true},"field":{"inert":true,"hidden":"true","visible":false,"rect":{"top":730.203125,"right":378,"bottom":802,"left":12}},"interactive":[{"id":"strokes-back","cls":"stroke-back","inField":false,"isTrigger":false,"label":"← 戻るback"},{"id":"stroke-world-seal","cls":"theme-seal stroke-seal","inField":false,"isTrigger":false,"label":"choose a world"},{"id":"","cls":"stroke-chrome-trigger","inField":false,"isTrigger":true,"label":"show controls"},{"id":"stroke-numbers","cls":"stroke-btn stroke-corner stroke-corner-br","inField":false,"isTrigger":false,"label":"筆順の番号stroke order numbers"},{"id":"stroke-speed","cls":"stroke-btn stroke-corner stroke-corner-bl","inField":false,"isTrigger":false,"label":"ゆっくりslowly"}],"markerVisible":0,"pipTotal":0,"pipsFilled":0,"canvasCount":1}

— labeled, complete readings
  ok   readings are two properly labeled Japanese rows — [{"label":"音読み","value":"バツ・ハツ・カ","valueLabel":"","lang":"ja"},{"label":"訓読み","value":"き（る）・そむ（く）・う（つ）","valueLabel":"きる、そむく、うつ","lang":"ja"}]
  ok   all on and kun readings render without two-item truncation — [{"label":"音読み","value":"バツ・ハツ・カ","valueLabel":"","lang":"ja"},{"label":"訓読み","value":"き（る）・そむ（く）・う（つ）","valueLabel":"きる、そむく、うつ","lang":"ja"}]
  ok   kun okurigana is spoken naturally rather than as dictionary dots — {"label":"訓読み","value":"き（る）・そむ（く）・う（つ）","valueLabel":"きる、そむく、うつ","lang":"ja"}

— stroke-synchronized numbers
  ok   normal motion reaches living ink or its honest SVG fallback — data-living=on
  ok   number mode is one honest pressed choice — {"minimal":"on","chrome":"awake","living":"on","numbers":"on","shown":3,"total":5,"world":"hakuu","stageRect":{"top":238.703125,"right":378.296875,"bottom":605.296875,"left":11.703125},"liftRect":{"top":238.703125,"right":378.296875,"bottom":605.296875,"left":11.703125},"describedBy":"stroke-exit-description","exitDescription":"Use the browser or device Back command to leave the writing room.","trigger":{"text":"","mark":true,"controls":"stroke-awake-field","expanded":"true","label":"hide controls","visible":true},"field":{"inert":false,"hidden":null,"visible":true,"rect":{"top":714.203125,"right":378,"bottom":786,"left":12}},"interactive":[{"id":"strokes-back","cls":"stroke-back","inField":false,"isTrigger":false,"label":"← 戻るback"},{"id":"stroke-world-seal","cls":"theme-seal stroke-seal","inField":false,"isTrigger":false,"label":"choose a world"},{"id":"","cls":"stroke-chrome-trigger","inField":false,"isTrigger":true,"label":"hide controls"},{"id":"stroke-numbers","cls":"stroke-btn stroke-corner stroke-corner-br","inField":false,"isTrigger":false,"label":"筆順の番号stroke order numbers"},{"id":"stroke-speed","cls":"stroke-btn stroke-corner stroke-corner-bl","inField":false,"isTrigger":false,"label":"ゆっくりslowly"}],"markerVisible":3,"pipTotal":0,"pipsFilled":0,"canvasCount":1}
  ok   a visible live body-level number layer stays aligned with the ink stage — {"stage":{"top":238.703125,"right":378.296875,"bottom":605.296875,"left":11.703125},"lift":{"top":238.703125,"right":378.296875,"bottom":605.296875,"left":11.703125}}
  ok   each number and pip arises atomically with its stroke — [{"at":17047.89999999851,"reason":"mutation","numbers":"on","shown":0,"visible":0,"pipTotal":0,"pips":0},{"at":17828.5,"reason":"mutation","numbers":"on","shown":1,"visible":1,"pipTotal":0,"pips":0},{"at":19051.89999999851,"reason":"mutation","numbers":"on","shown":2,"visible":2,"pipTotal":0,"pips":0},{"at":23319.89999999851,"reason":"mutation","numbers":"on","shown":3,"visible":3,"pipTotal":0,"pips":0}]
  ok   turning numbers off removes every marker immediately — {"minimal":"on","chrome":"awake","living":"on","numbers":"off","shown":5,"total":5,"world":"hakuu","stageRect":{"top":238.703125,"right":378.296875,"bottom":605.296875,"left":11.703125},"liftRect":null,"describedBy":"stroke-exit-description","exitDescription":"Use the browser or device Back command to leave the writing room.","trigger":{"text":"","mark":true,"controls":"stroke-awake-field","expanded":"true","label":"hide controls","visible":true},"field":{"inert":false,"hidden":null,"visible":true,"rect":{"top":714.203125,"right":378,"bottom":786,"left":12}},"interactive":[{"id":"strokes-back","cls":"stroke-back","inField":false,"isTrigger":false,"label":"← 戻るback"},{"id":"stroke-world-seal","cls":"theme-seal stroke-seal","inField":false,"isTrigger":false,"label":"choose a world"},{"id":"","cls":"stroke-chrome-trigger","inField":false,"isTrigger":true,"label":"hide controls"},{"id":"stroke-numbers","cls":"stroke-btn stroke-corner stroke-corner-br","inField":false,"isTrigger":false,"label":"筆順の番号stroke order numbers"},{"id":"stroke-speed","cls":"stroke-btn stroke-corner stroke-corner-bl","inField":false,"isTrigger":false,"label":"ゆっくりslowly"}],"markerVisible":0,"pipTotal":0,"pipsFilled":0,"canvasCount":1}
  ok   re-enabling mid-write resets to stroke zero and restarts in sync — [{"at":34870.199999999255,"reason":"mutation","numbers":"on","shown":0,"visible":0,"pipTotal":0,"pips":0},{"at":35644.79999999702,"reason":"mutation","numbers":"on","shown":1,"visible":1,"pipTotal":0,"pips":0},{"at":37865.599999997765,"reason":"mutation","numbers":"on","shown":2,"visible":2,"pipTotal":0,"pips":0}]
  ok   touch-to-rewrite clears and restarts the numbered sequence — [{"at":39787.599999997765,"reason":"installed","numbers":"on","shown":2,"visible":2,"pipTotal":0,"pips":0},{"at":42598,"reason":"mutation","numbers":"on","shown":3,"visible":3,"pipTotal":0,"pips":0},{"at":45732.39999999851,"reason":"mutation","numbers":"on","shown":4,"visible":4,"pipTotal":0,"pips":0},{"at":46657.79999999702,"reason":"mutation","numbers":"on","shown":0,"visible":0,"pipTotal":0,"pips":0},{"at":47415.599999997765,"reason":"mutation","numbers":"on","shown":1,"visible":1,"pipTotal":0,"pips":0}]
  ok   the marker layer follows canonical KanjiVG in every dress state — living=on; 9 markers; last=9

— issue #79 · the glyph is whole and no legacy hand writes early
  ok   the classic write is gated to reduced motion at mount — never during pending
  ok   AnimCJK reaches the renderer only through the equivalence manifest
  ok   the manifest is law-consistent: 経 and 衷 rejected, the gallery hand returns broadly — 1947 approved / 187 rejected of 2134
  ok   no stroke-room rule masks the glyph — decorative page washes may
  ok   the pending dress hides the un-dashed classic ink layers
  ok   the living sheet renders unmasked — never a porthole — {"mask":"none"}
  ok   forcing the undecided dress hides the classic ink layers in place — {"ink":"lifted","bleed":"lifted"}
  ok   the reduced-motion still is never hidden by the pending gate — lifted
  ok   衷 (count-rejected) wrote with the canonical KanjiVG hand — glyphSource=kanjivg
  ok   経 (geometry-rejected: AnimCJK carries 經) wrote with the canonical hand — glyphSource=kanjivg
  ok   永 (approved) takes the gallery brush when the living ink stands — living=on; glyphSource=animcjk

— 没入 · one paper to every edge, the glyph whole at full lattice
  ok   the engine-painted washi runs to every edge of the screen — {"left":-227,"top":0,"right":617,"bottom":844,"painted":true,"backing":2358}
  ok   the glyph sheet stands whole on screen at the full lattice — no pre-scale, no trimming — {"left":11.703125,"top":238.703125,"right":378.296875,"bottom":605.296875,"width":366.59375}
  ok   the room ground carries enough backing for the sheet to be its exact centre crop — backing=2358

— sleep, close, and legacy state
  ok   Escape sleeps an awake field before it closes the room — {"minimal":"on","chrome":"sleeping","living":"on","numbers":"off","shown":5,"total":5,"world":"hakuu","stageRect":{"top":238.703125,"right":378.296875,"bottom":605.296875,"left":11.703125},"liftRect":null,"describedBy":"stroke-exit-description","exitDescription":"Use the browser or device Back command to leave the writing room.","trigger":{"text":"","mark":true,"controls":"stroke-awake-field","expanded":"false","label":"show controls","visible":true},"field":{"inert":true,"hidden":"true","visible":false,"rect":{"top":714.203125,"right":378,"bottom":786,"left":12}},"interactive":[{"id":"strokes-back","cls":"stroke-back","inField":false,"isTrigger":false,"label":"← 戻るback"},{"id":"stroke-world-seal","cls":"theme-seal stroke-seal","inField":false,"isTrigger":false,"label":"choose a world"},{"id":"","cls":"stroke-chrome-trigger","inField":false,"isTrigger":true,"label":"show controls"},{"id":"stroke-numbers","cls":"stroke-btn stroke-corner stroke-corner-br","inField":false,"isTrigger":false,"label":"筆順の番号stroke order numbers"},{"id":"stroke-speed","cls":"stroke-btn stroke-corner stroke-corner-bl","inField":false,"isTrigger":false,"label":"ゆっくりslowly"}],"markerVisible":0,"pipTotal":0,"pipsFilled":0,"canvasCount":1}
  ok   a second Escape closes cleanly with no detached ink sheet — rooms/canvases=0
  ok   the retired public 殻 world still loads as an internal saved theme — {"stored":"kaku","attr":"kaku"}

— honest no-data room
  ok   a no-stroke kanji keeps the same valid dormant trigger contract — {"room":{"minimal":"on","chrome":"sleeping","numbers":"off","shown":0,"total":0,"world":"kaku","stageRect":{"top":238.703125,"right":378.296875,"bottom":605.296875,"left":11.703125},"liftRect":null,"describedBy":"stroke-exit-description","exitDescription":"Use the browser or device Back command to leave the writing room.","trigger":{"text":"","mark":true,"controls":"stroke-awake-field","expanded":"false","label":"show controls","visible":true},"field":{"inert":true,"hidden":"true","visible":false,"rect":{"top":730.203125,"right":378,"bottom":802,"left":12}},"interactive":[{"id":"strokes-back","cls":"stroke-back","inField":false,"isTrigger":false,"label":"← 戻るback"},{"id":"stroke-world-seal","cls":"theme-seal stroke-seal","inField":false,"isTrigger":false,"label":"choose a world"},{"id":"","cls":"stroke-chrome-trigger","inField":false,"isTrigger":true,"label":"show controls"}],"markerVisible":0,"pipTotal":0,"pipsFilled":0,"canvasCount":0},"noDataProse":{"glyph":"丑","line":false,"note":false,"target":true}}
  ok   a no-stroke kanji stays glyph-only instead of leaking explanatory prose — {"glyph":"丑","line":false,"note":false,"target":true}

— reduced motion
  ok   reduced motion is a coherent finished still, including all requested numbers — {"minimal":"on","chrome":"awake","living":"still","numbers":"on","shown":5,"total":5,"world":"hokusai","stageRect":{"top":238.703125,"right":378.296875,"bottom":605.296875,"left":11.703125},"liftRect":null,"describedBy":"stroke-exit-description","exitDescription":"Use the browser or device Back command to leave the writing room.","trigger":{"text":"","mark":true,"controls":"stroke-awake-field","expanded":"true","label":"hide controls","visible":true},"field":{"inert":false,"hidden":null,"visible":true,"rect":{"top":714.203125,"right":378,"bottom":786,"left":12}},"interactive":[{"id":"strokes-back","cls":"stroke-back","inField":false,"isTrigger":false,"label":"← 戻るback"},{"id":"stroke-world-seal","cls":"theme-seal stroke-seal","inField":false,"isTrigger":false,"label":"choose a world"},{"id":"","cls":"stroke-chrome-trigger","inField":false,"isTrigger":true,"label":"hide controls"},{"id":"stroke-numbers","cls":"stroke-btn stroke-corner stroke-corner-br","inField":false,"isTrigger":false,"label":"筆順の番号stroke order numbers"},{"id":"stroke-speed","cls":"stroke-btn stroke-corner stroke-corner-bl","inField":false,"isTrigger":false,"label":"ゆっくりslowly"}],"markerVisible":5,"pipTotal":0,"pipsFilled":0,"canvasCount":1}
  ok   reduced motion does not advance behind the still — 5 → 5; canvas=1
  ok   the writing-room walk requested no missing assets
  ok   the writing-room walk emitted no console/page errors

51/51 checks passed
