{
  "status": "PASS",
  "checks": 41,
  "checkNames": [
    "read-exception-quarantine-and-global-alert",
    "empty-malformed-future-bytes-quarantine",
    "complete-valid-envelope-hydrates-only-after-validation",
    "every-known-root-and-version-shape-fails-closed",
    "reserved-map-names-round-trip-without-pollution-or-data-loss",
    "invalid-candidate-is-rejected-before-storage",
    "stable-alert-node-no-repeat-announcement",
    "open-sheet-description-tracks-error-without-render",
    "read-only-suppresses-writes",
    "failure-atomic-write-and-retry-cleanup",
    "post-setitem-alert-throw-cannot-block-publication",
    "article-rejection-http-failure-and-retry",
    "reader-finish-action-executes-one-boundary",
    "deep-capture-action-executes-one-boundary",
    "capture-context-rides-the-guarded-boundary",
    "drill-grade-action-failure-and-success",
    "standard-grade-action-failure-and-success",
    "drift-judgment-lands-in-obslog-as-one-synchronous-observation",
    "drift-judgment-persistence-failure-acks-false-and-appends-nothing",
    "drift-grade-block-ships-byte-identical-to-its-source-of-truth",
    "drift-judgment-reaches-the-host-only-after-its-own-commit",
    "drift-store-rolls-back-when-the-host-cannot-persist",
    "drift-own-save-failure-never-reaches-the-host",
    "drift-standalone-keeps-autonomy-without-a-host",
    "scheduler-clock-clamp-and-raw-audit-truth",
    "due-queue-overdueness-order-no-debt-and-daily-cap",
    "one-scheduler-policy-fuzz-off-with-the-pin",
    "learner-fsrs-params-fail-closed-gate",
    "ignored-params-note-is-one-quiet-deduped-obslog-row",
    "bounded-standard-review-freeze-and-dojo-refill-kept",
    "dojo-refill-second-lap-is-practice",
    "every-in-app-mint-carries-the-started-mark",
    "bounded-handlers-call-executed-actions",
    "declared-recall-gate-forces-again-and-logs-the-declaration",
    "setitem-try-block-excludes-alert-and-publication-code",
    "global-alert-css-is-above-every-numeric-layer",
    "live-sticky-grade-row-is-byte-preserved",
    "crossing-names-separate-two-tabs-of-the-same-millisecond",
    "stale-tab-storage-event-freezes-this-context",
    "residual-and-direct-bypass-ledger-is-exact",
    "javascript-syntax"
  ],
  "boundedFlows": [
    "learner-store-read-quarantine",
    "deep-known-root-validation",
    "reserved-map-name-round-trip",
    "exact-byte-candidate-self-validation",
    "write-before-publish-helper",
    "post-setitem-ui-failure-isolation",
    "reader-finish",
    "entry-capture",
    "entry-capture-context",
    "standard-review-grade",
    "focus-drill-grade",
    "drift-judgment-observation-bridge",
    "drift-host-ack-rollback",
    "stable-storage-alert",
    "dynamic-sheet-alert-description",
    "article-load-retry",
    "scheduler-clock-clamp",
    "due-queue-order-and-no-debt",
    "fuzz-off-scheduler-policy",
    "bounded-standard-review",
    "started-mark-promotion",
    "learner-fsrs-params-gate",
    "ignored-params-obslog-note",
    "declared-recall-obslog-row",
    "transactional-sweep-p04",
    "lesson-practice-evidence-and-explicit-enroll",
    "dojo-second-lap-practice",
    "persisted-quiz-run"
  ],
  "residualUnsafeSaveCallers": 6,
  "browserAndDevice": "NOT_RUN"
}
