TAP version 13
# Subtest: served entry loads SKIP in dependency order
ok 1 - served entry loads SKIP in dependency order
  ---
  duration_ms: 1.508819
  ...
# Subtest: service-worker install preloads all SKIP assets
ok 2 - service-worker install preloads all SKIP assets
  ---
  duration_ms: 1.785201
  ...
# Subtest: standalone and Pages packaging retain SKIP data, code and styles
ok 3 - standalone and Pages packaging retain SKIP data, code and styles
  ---
  duration_ms: 1.229307
  ...
1..3
# tests 3
# suites 0
# pass 3
# fail 0
# cancelled 0
# skipped 0
# todo 0
# duration_ms 12.789763
