PASS JSON sidecar absent at boot
PASS lens preserves heading and old lenses
PASS typed fullwidth normalization
PASS exact canonical query
PASS explicit whitespace prefix
PASS partial/wildcard 1-3
PASS partial/wildcard 1-*-8
PASS partial/wildcard *-3-8
PASS partial/wildcard skip:*
PASS invalid 4-5-5
PASS invalid 5-2-3
PASS invalid 1-3-x
PASS invalid 1-2-3-4
PASS ordinary English search remains word search
PASS solid switch clears third field
PASS solid subtype list and labels
PASS keyboard End chooses subtype 4
PASS Home and arrow selection
PASS click row updates code
PASS mouse wheel updates code
PASS all wheel selections align to center band
PASS radical 64 independent filter
PASS hand variant is visible
PASS no clipping at 320px
PASS no clipping at 390px
PASS no clipping at 1280px
PASS explicit first page size
PASS show more without hidden result cap
PASS alternate excluded initially
PASS alternate explicitly labeled
PASS canonical before alternate
PASS Back preserves query and focus
PASS fallback opens ordinary kanji sheet
PASS code chip opens nested lookup
PASS nested Back returns to same fallback entry
PASS dark world and reduced motion
PASS saved fallback reopens after cold reload through lazy metadata
PASS no normal-flow console errors — {"errors":[],"consoleErrors":[]}
PASS fresh-context load failure is recoverable
PASS retry loads real index
PASS no runtime exceptions including recovery — []
